C51 COMPILER V9.60.0.0   TIME                                                              09/27/2022 11:10:44 PAGE 1   


C51 COMPILER V9.60.0.0, COMPILATION OF MODULE TIME
OBJECT MODULE PLACED IN .\Objects\time.obj
COMPILER INVOKED BY: C:\Keil_v5\C51\BIN\C51.EXE time.c LARGE OPTIMIZE(8,SPEED) BROWSE DEBUG OBJECTEXTEND PRINT(.\Listing
                    -s\time.lst) TABS(2) OBJECT(.\Objects\time.obj)

line level    source

   1          #include <reg51.h> 
   2          #include "time.h"     
   3          
   4          
   5           
   6           
   7           
   8           
   9          
  10          
  11          
  12           
  13          #define dataport P0       // LCD dataport connected to PORT1
  14          sbit rs = P2^6;  //RS pin connected to pin 2 of port 3
  15          sbit rw = P2^5;  // RW pin connected to pin 3 of port 3
  16          sbit en  =  P2^7;
  17           
  18           
  19           
  20          /* 16x2 lcd Specification */
  21          #define LCDMaxLines 2
  22          #define LCDMaxChars 16
  23          #define LineOne 0x80
  24          #define LineTwo 0xc0
  25           
  26          #define BlankSpace ' '
  27           
  28          //LCD initilization
  29          void LCDInit()
  30          {
  31   1          delay_us(5000);
  32   1         
  33   1        lcd_WriteCmd (0x38);  /* Initialization of 16X2 LCD in 8bit mode */
  34   1        lcd_WriteCmd (0x0E);  /* Display ON Cursor blinking */
  35   1        lcd_WriteCmd (0x06);  /* Auto Increment cursor */
  36   1        lcd_WriteCmd (0x01);  /* clear display */
  37   1        lcd_WriteCmd (0x80);  /* cursor at home position */
  38   1       
  39   1      }
  40           
  41           
  42          // lcd Write command function
  43          void lcd_WriteCmd( char a)
  44          {
  45   1       
  46   1         dataport=a ;        
  47   1      
  48   1         rs=0;                    
  49   1         rw=0;                    
  50   1         en=1;                      
  51   1         delay_us(1);
  52   1         en=0;
  53   1         delay_us(1);
  54   1      }
C51 COMPILER V9.60.0.0   TIME                                                              09/27/2022 11:10:44 PAGE 2   

  55           
  56           
  57           // lcd writedata function
  58          void lcd_Writedata( char a)
  59          {
  60   1       
  61   1       
  62   1         dataport=a ;
  63   1           rs=1;                    
  64   1           rw=0;                     
  65   1           en=1;                      
  66   1          delay_us(1);
  67   1           en=0;
  68   1       
  69   1         delay_us(1);
  70   1       
  71   1      }
  72          
  73           
  74           //lcd gotolinetwo fuction
  75          void lcd_GoToLineTwo()
  76          {
  77   1         lcd_WriteCmd(LineTwo);   // move the Cursor to Second line First Position
  78   1      }
  79           
  80           
  81           
  82          //lcd go to X(first row), Y(second row) line
  83          void lcd_GoToXY(char row, char col)
  84          {
  85   1         char pos;
  86   1       
  87   1          if(row<LCDMaxLines)
  88   1            {
  89   2               pos= LineOne | (row << 6);
  90   2                                          
  91   2       
  92   2              if(col<LCDMaxChars)
  93   2                 pos= pos+col;            
  94   2                                          
  95   2       
  96   2               lcd_WriteCmd(pos);        
  97   2             }
  98   1      }
  99           
 100          
 101          //lcd display string function
 102          void lcd_DisplayString(char *string_ptr)
 103          {
 104   1         while(*string_ptr)
 105   1          lcd_Writedata(*string_ptr++);
 106   1          }
 107           
 108           
 109          //lcd display rtc time function
 110          void lcd_DisplayRtcTime(char hour,char min,char sec)
 111          {
 112   1        char t=0x01;
 113   1        if((hour&0x80)==0)
 114   1          t=0x03;
 115   1          lcd_Writedata(((hour>>4) & t) + 0x30);
 116   1          lcd_Writedata((hour & 0x0f) + 0x30);
C51 COMPILER V9.60.0.0   TIME                                                              09/27/2022 11:10:44 PAGE 3   

 117   1          lcd_Writedata(':');
 118   1       
 119   1          lcd_Writedata(((min>>4) & 0x0f) + 0x30);
 120   1          lcd_Writedata((min & 0x0f) + 0x30);
 121   1          lcd_Writedata(':');
 122   1       
 123   1          lcd_Writedata(((sec>>4) & 0x0f) + 0x30);
 124   1          lcd_Writedata((sec & 0x0f) + 0x30);
 125   1       
 126   1       }
 127           
 128           
 129           // lcd display rtc date function
 130          void lcd_DisplayRtcDate(char day,char month,char year)
 131           {
 132   1           lcd_Writedata(((day>>4) & 0x0f) + 0x30);
 133   1           lcd_Writedata((day & 0x0f) + 0x30);
 134   1           lcd_Writedata('/');
 135   1       
 136   1           lcd_Writedata(((month>>4) & 0x0f) + 0x30);
 137   1           lcd_Writedata((month & 0x0f) + 0x30);
 138   1           lcd_Writedata('/');
 139   1       
 140   1           lcd_Writedata(((year>>4) & 0x0f) + 0x30);
 141   1           lcd_Writedata((year & 0x0f) + 0x30);
 142   1       
 143   1       }
 144          
 145           
 146          void delay_us(unsigned int us_count)
 147           {  
 148   1          while(us_count!=0)
 149   1            {
 150   2               us_count--;
 151   2             }
 152   1         }


MODULE INFORMATION:   STATIC OVERLAYABLE
   CODE SIZE        =    389    ----
   CONSTANT SIZE    =   ----    ----
   XDATA SIZE       =   ----       9
   PDATA SIZE       =   ----    ----
   DATA SIZE        =   ----    ----
   IDATA SIZE       =   ----    ----
   BIT SIZE         =   ----    ----
END OF MODULE INFORMATION.


C51 COMPILATION COMPLETE.  0 WARNING(S),  0 ERROR(S)
