C51 COMPILER V9.60.0.0   FINAL_CAL                                                         09/13/2022 23:41:54 PAGE 1   


C51 COMPILER V9.60.0.0, COMPILATION OF MODULE FINAL_CAL
OBJECT MODULE PLACED IN .\Objects\final_cal.obj
COMPILER INVOKED BY: C:\Keil_v5\C51\BIN\C51.EXE final_cal.c OPTIMIZE(8,SPEED) BROWSE DEBUG OBJECTEXTEND PRINT(.\Listings
                    -\final_cal.lst) TABS(2) OBJECT(.\Objects\final_cal.obj)

line level    source

   1          #include <reg51.h>
   2          #include "cal.h"
   3          
   4          
   5          void main()
   6          {
   7   1      calc();
   8   1      
   9   1      
  10   1      }
  11          


MODULE INFORMATION:   STATIC OVERLAYABLE
   CODE SIZE        =      3    ----
   CONSTANT SIZE    =   ----    ----
   XDATA SIZE       =   ----    ----
   PDATA SIZE       =   ----    ----
   DATA SIZE        =   ----    ----
   IDATA SIZE       =   ----    ----
   BIT SIZE         =   ----    ----
END OF MODULE INFORMATION.


C51 COMPILATION COMPLETE.  0 WARNING(S),  0 ERROR(S)
